[    0.000000] Linux version 4.15.0-212-generic (buildd@lcy02-amd64-083) (gcc version 7.5.0 (Ubuntu 7.5.0-3ubuntu1~18.04)) #223-Ubuntu SMP Tue May 23 13:09:22 UTC 2023 (Ubuntu 4.15.0-212.223-generic 4.15.18)
[    0.000000] Command line: BOOT_IMAGE=/boot/vmlinuz-4.15.0-212-generic root=LABEL=cloudimg-rootfs ro console=tty1 console=ttyS0
[    0.000000] KERNEL supported cpus:
[    0.000000]   Intel GenuineIntel
[    0.000000]   AMD AuthenticAMD
[    0.000000]   Centaur CentaurHauls
[    0.000000] [Firmware Bug]: TSC doesn't count with P0 frequency!
[    0.000000] x86/fpu: x87 FPU will use FXSAVE
[    0.000000] e820: BIOS-provided physical RAM map:
[    0.000000] BIOS-e820: [mem 0x0000000000000000-0x000000000009fbff] usable
[    0.000000] BIOS-e820: [mem 0x000000000009fc00-0x000000000009ffff] reserved
[    0.000000] BIOS-e820: [mem 0x00000000000f0000-0x00000000000fffff] reserved
[    0.000000] BIOS-e820: [mem 0x0000000000100000-0x0000000081feffff] usable
[    0.000000] BIOS-e820: [mem 0x0000000081ff0000-0x0000000081ffffff] ACPI data
[    0.000000] BIOS-e820: [mem 0x00000000fec00000-0x00000000fec00fff] reserved
[    0.000000] BIOS-e820: [mem 0x00000000fee00000-0x00000000fee00fff] reserved
[    0.000000] BIOS-e820: [mem 0x00000000fffc0000-0x00000000ffffffff] reserved
[    0.000000] NX (Execute Disable) protection: active
[    0.000000] SMBIOS 2.5 present.
[    0.000000] DMI: innotek GmbH VirtualBox/VirtualBox, BIOS VirtualBox 12/01/2006
[    0.000000] Hypervisor detected: KVM
[    0.000000] e820: last_pfn = 0x81ff0 max_arch_pfn = 0x400000000
[    0.000000] MTRR: Disabled
[    0.000000] x86/PAT: MTRRs disabled, skipping PAT initialization too.
[    0.000000] CPU MTRRs all blank - virtualized system.
[    0.000000] x86/PAT: Configuration [0-7]: WB  WT  UC- UC  WB  WT  UC- UC  
[    0.000000] found SMP MP-table at [mem 0x0009fff0-0x0009ffff]
[    0.000000] Scanning 1 areas for low memory corruption
[    0.000000] RAMDISK: [mem 0x359cb000-0x36cdcfff]
[    0.000000] ACPI: Early table checksum verification disabled
[    0.000000] ACPI: RSDP 0x00000000000E0000 000024 (v02 VBOX  )
[    0.000000] ACPI: XSDT 0x0000000081FF0030 00003C (v01 VBOX   VBOXXSDT 00000001 ASL  00000061)
[    0.000000] ACPI: FACP 0x0000000081FF00F0 0000F4 (v04 VBOX   VBOXFACP 00000001 ASL  00000061)
[    0.000000] ACPI: DSDT 0x0000000081FF0610 002353 (v02 VBOX   VBOXBIOS 00000002 INTL 20100528)
[    0.000000] ACPI: FACS 0x0000000081FF0200 000040
[    0.000000] ACPI: FACS 0x0000000081FF0200 000040
[    0.000000] ACPI: APIC 0x0000000081FF0240 00005C (v02 VBOX   VBOXAPIC 00000001 ASL  00000061)
[    0.000000] ACPI: SSDT 0x0000000081FF02A0 00036C (v01 VBOX   VBOXCPUT 00000002 INTL 20100528)
[    0.000000] ACPI: Reserving FACP table memory at [mem 0x81ff00f0-0x81ff01e3]
[    0.000000] ACPI: Reserving DSDT table memory at [mem 0x81ff0610-0x81ff2962]
[    0.000000] ACPI: Reserving FACS table memory at [mem 0x81ff0200-0x81ff023f]
[    0.000000] ACPI: Reserving FACS table memory at [mem 0x81ff0200-0x81ff023f]
[    0.000000] ACPI: Reserving APIC table memory at [mem 0x81ff0240-0x81ff029b]
[    0.000000] ACPI: Reserving SSDT table memory at [mem 0x81ff02a0-0x81ff060b]
[    0.000000] No NUMA configuration found
[    0.000000] Faking a node at [mem 0x0000000000000000-0x0000000081feffff]
[    0.000000] NODE_DATA(0) allocated [mem 0x81fc5000-0x81feffff]
[    0.000000] kvm-clock: cpu 0, msr 0:81f44001, primary cpu clock
[    0.000000] kvm-clock: Using msrs 4b564d01 and 4b564d00
[    0.000000] kvm-clock: using sched offset of 4417832775 cycles
[    0.000000] clocksource: kvm-clock: mask: 0xffffffffffffffff max_cycles: 0x1cd42e4dffb, max_idle_ns: 881590591483 ns
[    0.000000] Zone ranges:
[    0.000000]   DMA      [mem 0x0000000000001000-0x0000000000ffffff]
[    0.000000]   DMA32    [mem 0x0000000001000000-0x0000000081feffff]
[    0.000000]   Normal   empty
[    0.000000]   Device   empty
[    0.000000] Movable zone start for each node
[    0.000000] Early memory node ranges
[    0.000000]   node   0: [mem 0x0000000000001000-0x000000000009efff]
[    0.000000]   node   0: [mem 0x0000000000100000-0x0000000081feffff]
[    0.000000] Reserved but unavailable: 104 pages
[    0.000000] Initmem setup node 0 [mem 0x0000000000001000-0x0000000081feffff]
[    0.000000] ACPI: PM-Timer IO Port: 0x4008
[    0.000000] IOAPIC[0]: apic_id 2, version 32, address 0xfec00000, GSI 0-23
[    0.000000] ACPI: INT_SRC_OVR (bus 0 bus_irq 0 global_irq 2 dfl dfl)
[    0.000000] ACPI: INT_SRC_OVR (bus 0 bus_irq 9 global_irq 9 low level)
[    0.000000] Using ACPI (MADT) for SMP configuration information
[    0.000000] smpboot: Allowing 2 CPUs, 0 hotplug CPUs
[    0.000000] PM: Registered nosave memory: [mem 0x00000000-0x00000fff]
[    0.000000] PM: Registered nosave memory: [mem 0x0009f000-0x0009ffff]
[    0.000000] PM: Registered nosave memory: [mem 0x000a0000-0x000effff]
[    0.000000] PM: Registered nosave memory: [mem 0x000f0000-0x000fffff]
[    0.000000] e820: [mem 0x82000000-0xfebfffff] available for PCI devices
[    0.000000] Booting paravirtualized kernel on KVM
[    0.000000] clocksource: refined-jiffies: mask: 0xffffffff max_cycles: 0xffffffff, max_idle_ns: 7645519600211568 ns
[    0.000000] setup_percpu: NR_CPUS:8192 nr_cpumask_bits:2 nr_cpu_ids:2 nr_node_ids:1
[    0.000000] percpu: Embedded 50 pages/cpu s167936 r8192 d28672 u1048576
[    0.000000] PV qspinlock hash table entries: 256 (order: 0, 4096 bytes)
[    0.000000] Built 1 zonelists, mobility grouping on.  Total pages: 524025
[    0.000000] Policy zone: DMA32
[    0.000000] Kernel command line: BOOT_IMAGE=/boot/vmlinuz-4.15.0-212-generic root=LABEL=cloudimg-rootfs ro console=tty1 console=ttyS0
[    0.000000] Memory: 2045556K/2129464K available (12300K kernel code, 2477K rwdata, 4324K rodata, 2480K init, 2720K bss, 83908K reserved, 0K cma-reserved)
[    0.000000] SLUB: HWalign=64, Order=0-3, MinObjects=0, CPUs=2, Nodes=1
[    0.000000] ftrace: allocating 39508 entries in 155 pages
[    0.004000] Hierarchical RCU implementation.
[    0.004000] 	RCU restricting CPUs from NR_CPUS=8192 to nr_cpu_ids=2.
[    0.004000] 	Tasks RCU enabled.
[    0.004000] RCU: Adjusting geometry for rcu_fanout_leaf=16, nr_cpu_ids=2
[    0.004000] NR_IRQS: 524544, nr_irqs: 440, preallocated irqs: 16
[    0.004000] random: crng init done
[    0.004000] Console: colour VGA+ 80x25
[    0.004000] console [tty1] enabled
[    0.004000] console [ttyS0] enabled
[    0.004000] ACPI: Core revision 20170831
[    0.004000] ACPI: 2 ACPI AML tables successfully acquired and loaded
[    0.004000] APIC: Switch to symmetric I/O mode setup
[    0.004000] ..TIMER: vector=0x30 apic1=0 pin1=2 apic2=-1 pin2=-1
[    0.004046] tsc: Detected 1796.569 MHz processor
[    0.008012] Calibrating delay loop (skipped) preset value.. 3593.13 BogoMIPS (lpj=7186276)
[    0.012015] pid_max: default: 32768 minimum: 301
[    0.020005] Security Framework initialized
[    0.024011] Yama: becoming mindful.
[    0.028136] AppArmor: AppArmor initialized
[    0.032316] Dentry cache hash table entries: 262144 (order: 9, 2097152 bytes)
[    0.041531] Inode-cache hash table entries: 131072 (order: 8, 1048576 bytes)
[    0.044208] Mount-cache hash table entries: 4096 (order: 3, 32768 bytes)
[    0.048249] Mountpoint-cache hash table entries: 4096 (order: 3, 32768 bytes)
[    0.054500] Last level iTLB entries: 4KB 1024, 2MB 1024, 4MB 512
[    0.056009] Last level dTLB entries: 4KB 2048, 2MB 2048, 4MB 1024, 1GB 0
[    0.060008] Spectre V1 : Mitigation: usercopy/swapgs barriers and __user pointer sanitization
[    0.064009] Spectre V2 : Mitigation: Retpolines
[    0.068019] Spectre V2 : Spectre v2 / SpectreRSB mitigation: Filling RSB on context switch
[    0.072013] Spectre V2 : Spectre v2 / SpectreRSB : Filling RSB on VMEXIT
[    0.076008] RETBleed: Vulnerable
[    0.080200] Freeing SMP alternatives memory: 36K
[    0.200691] smpboot: CPU0: AMD Ryzen 7 5700U with Radeon Graphics (family: 0x17, model: 0x68, stepping: 0x1)
[    0.204692] Performance Events: PMU not available due to virtualization, using software events only.
[    0.208222] Hierarchical SRCU implementation.
[    0.216285] NMI watchdog: Perf event create on CPU 0 failed with -2
[    0.220016] NMI watchdog: Perf NMI watchdog permanently disabled
[    0.224654] smp: Bringing up secondary CPUs ...
[    0.232172] x86: Booting SMP configuration:
[    0.236079] .... node  #0, CPUs:      #1
[    0.004000] kvm-clock: cpu 1, msr 0:81f44041, secondary cpu clock
[    0.252000] TSC synchronization [CPU#0 -> CPU#1]:
[    0.252000] Measured 82134 cycles TSC warp between CPUs, turning off TSC clock.
[    0.252000] tsc: Marking TSC unstable due to check_tsc_sync_source failed
[    0.256415] smp: Brought up 1 node, 2 CPUs
[    0.260014] smpboot: Max logical packages: 1
[    0.264012] smpboot: Total of 2 processors activated (7186.27 BogoMIPS)
[    0.272923] devtmpfs: initialized
[    0.277010] x86/mm: Memory block size: 128MB
[    0.285012] evm: security.selinux
[    0.292007] evm: security.SMACK64
[    0.296010] evm: security.SMACK64EXEC
[    0.304009] evm: security.SMACK64TRANSMUTE
[    0.312007] evm: security.SMACK64MMAP
[    0.316009] evm: security.apparmor
[    0.324007] evm: security.ima
[    0.328009] evm: security.capability
[    0.344244] clocksource: jiffies: mask: 0xffffffff max_cycles: 0xffffffff, max_idle_ns: 7645041785100000 ns
[    0.348037] futex hash table entries: 512 (order: 3, 32768 bytes)
[    0.356341] pinctrl core: initialized pinctrl subsystem
[    0.360657] RTC time:  1:03:05, date: 06/24/24
[    0.365592] NET: Registered protocol family 16
[    0.368418] audit: initializing netlink subsys (disabled)
[    0.372614] audit: type=2000 audit(1719190991.012:1): state=initialized audit_enabled=0 res=1
[    0.392270] cpuidle: using governor ladder
[    0.400912] cpuidle: using governor menu
[    0.408097] ACPI: bus type PCI registered
[    0.412010] acpiphp: ACPI Hot Plug PCI Controller Driver version: 0.5
[    0.417552] PCI: Using configuration type 1 for base access
[    0.420006] PCI: Using configuration type 1 for extended access
[    0.432680] HugeTLB registered 2.00 MiB page size, pre-allocated 0 pages
[    0.448525] ACPI: Added _OSI(Module Device)
[    0.452011] ACPI: Added _OSI(Processor Device)
[    0.456008] ACPI: Added _OSI(3.0 _SCP Extensions)
[    0.460010] ACPI: Added _OSI(Processor Aggregator Device)
[    0.464009] ACPI: Added _OSI(Linux-Dell-Video)
[    0.468012] ACPI: Added _OSI(Linux-Lenovo-NV-HDMI-Audio)
[    0.472013] ACPI: Added _OSI(Linux-HPI-Hybrid-Graphics)
[    0.477980] ACPI: Executed 1 blocks of module-level executable AML code
[    0.488000] ACPI: Interpreter enabled
[    0.488056] ACPI: (supports S0 S5)
[    0.492009] ACPI: Using IOAPIC for interrupt routing
[    0.496441] PCI: Using host bridge windows from ACPI; if necessary, use "pci=nocrs" and report a bug
[    0.500276] ACPI: Enabled 2 GPEs in block 00 to 07
[    0.515437] ACPI: PCI Root Bridge [PCI0] (domain 0000 [bus 00-ff])
[    0.516026] acpi PNP0A03:00: _OSC: OS supports [ExtendedConfig ASPM ClockPM Segments MSI]
[    0.521740] acpi PNP0A03:00: _OSC: platform does not support [PCIeCapability]
[    0.528826] acpi PNP0A03:00: _OSC: not requesting control; platform does not support [PCIeCapability]
[    0.532009] acpi PNP0A03:00: _OSC: OS requested [PCIeHotplug PME AER PCIeCapability]
[    0.536009] acpi PNP0A03:00: _OSC: platform willing to grant [PCIeHotplug PME AER]
[    0.540017] acpi PNP0A03:00: _OSC failed (AE_SUPPORT); disabling ASPM
[    0.545038] PCI host bridge to bus 0000:00
[    0.548012] pci_bus 0000:00: root bus resource [io  0x0000-0x0cf7 window]
[    0.552009] pci_bus 0000:00: root bus resource [io  0x0d00-0xffff window]
[    0.556010] pci_bus 0000:00: root bus resource [mem 0x000a0000-0x000bffff window]
[    0.560015] pci_bus 0000:00: root bus resource [mem 0x82000000-0xfdffffff window]
[    0.564012] pci_bus 0000:00: root bus resource [bus 00-ff]
[    0.577781] pci 0000:00:01.1: legacy IDE quirk: reg 0x10: [io  0x01f0-0x01f7]
[    0.580010] pci 0000:00:01.1: legacy IDE quirk: reg 0x14: [io  0x03f6]
[    0.584012] pci 0000:00:01.1: legacy IDE quirk: reg 0x18: [io  0x0170-0x0177]
[    0.588012] pci 0000:00:01.1: legacy IDE quirk: reg 0x1c: [io  0x0376]
[    0.620011] pci 0000:00:07.0: quirk: [io  0x4000-0x403f] claimed by PIIX4 ACPI
[    0.624125] pci 0000:00:07.0: quirk: [io  0x4100-0x410f] claimed by PIIX4 SMB
[    0.643353] ACPI: PCI Interrupt Link [LNKA] (IRQs 5 9 10 *11)
[    0.644775] ACPI: PCI Interrupt Link [LNKB] (IRQs 5 9 *10 11)
[    0.648256] ACPI: PCI Interrupt Link [LNKC] (IRQs 5 *9 10 11)
[    0.652254] ACPI: PCI Interrupt Link [LNKD] (IRQs 5 9 10 *11)
[    0.657021] SCSI subsystem initialized
[    0.660391] pci 0000:00:02.0: vgaarb: setting as boot VGA device
[    0.664000] pci 0000:00:02.0: vgaarb: VGA device added: decodes=io+mem,owns=io+mem,locks=none
[    0.664020] pci 0000:00:02.0: vgaarb: bridge control possible
[    0.668012] vgaarb: loaded
[    0.671753] ACPI: bus type USB registered
[    0.672124] usbcore: registered new interface driver usbfs
[    0.676033] usbcore: registered new interface driver hub
[    0.680028] usbcore: registered new device driver usb
[    0.684248] EDAC MC: Ver: 3.0.0
[    0.692514] PCI: Using ACPI for IRQ routing
[    0.696898] NetLabel: Initializing
[    0.700010] NetLabel:  domain hash size = 128
[    0.704007] NetLabel:  protocols = UNLABELED CIPSOv4 CALIPSO
[    0.708216] NetLabel:  unlabeled traffic allowed by default
[    0.712617] clocksource: Switched to clocksource kvm-clock
[    0.724294] VFS: Disk quotas dquot_6.6.0
[    0.724294] VFS: Dquot-cache hash table entries: 512 (order 0, 4096 bytes)
[    0.724294] AppArmor: AppArmor Filesystem Enabled
[    0.724294] pnp: PnP ACPI init
[    0.724294] pnp: PnP ACPI: found 3 devices
[    0.862206] clocksource: acpi_pm: mask: 0xffffff max_cycles: 0xffffff, max_idle_ns: 2085701024 ns
[    0.864356] NET: Registered protocol family 2
[    0.864356] IP idents hash table entries: 32768 (order: 6, 262144 bytes)
[    0.889777] TCP established hash table entries: 16384 (order: 5, 131072 bytes)
[    0.898883] TCP bind hash table entries: 16384 (order: 6, 262144 bytes)
[    0.902176] TCP: Hash tables configured (established 16384 bind 16384)
[    0.902176] UDP hash table entries: 1024 (order: 3, 32768 bytes)
[    0.902176] UDP-Lite hash table entries: 1024 (order: 3, 32768 bytes)
[    0.902176] NET: Registered protocol family 1
[    0.902176] pci 0000:00:00.0: Limiting direct PCI/PCI transfers
[    0.902176] pci 0000:00:01.0: Activating ISA DMA hang workarounds
[    0.902176] pci 0000:00:02.0: Video device with shadowed ROM at [mem 0x000c0000-0x000dffff]
[    0.902176] Unpacking initramfs...
[    1.511986] Freeing initrd memory: 19528K
[    1.516904] clocksource: tsc: mask: 0xffffffffffffffff max_cycles: 0x19e58062502, max_idle_ns: 440795236528 ns
[    1.529383] platform rtc_cmos: registered platform RTC device (no PNP device found)
[    1.538131] Scanning for low memory corruption every 60 seconds
[    1.549825] Initialise system trusted keyrings
[    1.555564] Key type blacklist registered
[    1.560532] workingset: timestamp_bits=36 max_order=19 bucket_order=0
[    1.570396] zbud: loaded
[    1.575520] squashfs: version 4.0 (2009/01/31) Phillip Lougher
[    1.585564] fuse init (API version 7.26)
[    1.646114] Key type asymmetric registered
[    1.651098] Asymmetric key parser 'x509' registered
[    1.656953] Block layer SCSI generic (bsg) driver version 0.4 loaded (major 246)
[    1.666376] io scheduler noop registered
[    1.671562] io scheduler deadline registered
[    1.677623] io scheduler cfq registered (default)
[    1.685038] ACPI: AC Adapter [AC] (on-line)
[    1.690514] input: Power Button as /devices/LNXSYSTM:00/LNXPWRBN:00/input/input0
[    1.700650] ACPI: Power Button [PWRF]
[    1.705785] input: Sleep Button as /devices/LNXSYSTM:00/LNXSLPBN:00/input/input1
[    1.709550] ACPI: Sleep Button [SLPF]
[    1.720816] Serial: 8250/16550 driver, 32 ports, IRQ sharing enabled
[    1.722348] ACPI: Battery Slot [BAT0] (battery present)
[    1.764896] 00:02: ttyS0 at I/O 0x3f8 (irq = 4, base_baud = 115200) is a 16550A
[    1.798911] Linux agpgart interface v0.103
[    1.819934] loop: module loaded
[    1.828543] scsi host0: ata_piix
[    1.833793] scsi host1: ata_piix
[    1.839929] ata1: PATA max UDMA/33 cmd 0x1f0 ctl 0x3f6 bmdma 0xd000 irq 14
[    1.847747] ata2: PATA max UDMA/33 cmd 0x170 ctl 0x376 bmdma 0xd008 irq 15
[    1.856613] tun: Universal TUN/TAP device driver, 1.6
[    1.863810] PPP generic driver version 2.4.2
[    1.869119] ehci_hcd: USB 2.0 'Enhanced' Host Controller (EHCI) Driver
[    1.876913] ehci-pci: EHCI PCI platform driver
[    1.883089] ehci-platform: EHCI generic platform driver
[    1.889483] ohci_hcd: USB 1.1 'Open' Host Controller (OHCI) Driver
[    1.897163] ohci-pci: OHCI PCI platform driver
[    1.903618] ohci-platform: OHCI generic platform driver
[    1.910099] uhci_hcd: USB Universal Host Controller Interface driver
[    1.918359] i8042: PNP: PS/2 Controller [PNP0303:PS2K,PNP0f03:PS2M] at 0x60,0x64 irq 1,12
[    1.933508] serio: i8042 KBD port at 0x60,0x64 irq 1
[    1.940360] serio: i8042 AUX port at 0x60,0x64 irq 12
[    1.951093] mousedev: PS/2 mouse device common for all mice
[    1.962219] input: AT Translated Set 2 keyboard as /devices/platform/i8042/serio0/input/input2
[    1.966403] rtc_cmos rtc_cmos: rtc core: registered rtc_cmos as rtc0
[    1.984888] rtc_cmos rtc_cmos: alarms up to one day, 114 bytes nvram
[    1.992528] i2c /dev entries driver
[    1.996858] device-mapper: uevent: version 1.0.3
[    2.002499] device-mapper: ioctl: 4.37.0-ioctl (2017-09-20) initialised: dm-devel@redhat.com
[    2.012092] ledtrig-cpu: registered to indicate activity on CPUs
[    2.055531] NET: Registered protocol family 10
[    2.068011] Segment Routing with IPv6
[    2.073821] NET: Registered protocol family 17
[    2.080210] Key type dns_resolver registered
[    2.093674] mce: Using 0 MCE banks
[    2.097782] RAS: Correctable Errors collector initialized.
[    2.103331] sched_clock: Marking stable (2103188109, 0)->(3359473095, -1256284986)
[    2.116390] registered taskstats version 1
[    2.120237] Loading compiled-in X.509 certificates
[    2.133825] Loaded X.509 cert 'Build time autogenerated kernel key: b5b26778eaa3ab3a4a6cee031137706e947d12ad'
[    2.146874] Loaded X.509 cert 'Canonical Ltd. Live Patch Signing: 14df34d1a87cf37625abec039ef2bf521249b969'
[    2.158705] Loaded X.509 cert 'Canonical Ltd. Kernel Module Signing: 88f752e560a1e0737e31163a466ad7b70a850c19'
[    2.169177] blacklist: Loading compiled-in revocation X.509 certificates
[    2.176856] Loaded X.509 cert 'Canonical Ltd. Secure Boot Signing: 61482aa2830d0ab2ad5af10b7250da9033ddcef0'
[    2.188405] Loaded X.509 cert 'Canonical Ltd. Secure Boot Signing (2017): 242ade75ac4a15e50d50c84b0d45ff3eae707a03'
[    2.201318] Loaded X.509 cert 'Canonical Ltd. Secure Boot Signing (ESM 2018): 365188c1d374d6b07c3c8f240f8ef722433d6a8b'
[    2.215604] Loaded X.509 cert 'Canonical Ltd. Secure Boot Signing (2019): c0746fd6c5da3ae827864651ad66ae47fe24b3e8'
[    2.227359] Loaded X.509 cert 'Canonical Ltd. Secure Boot Signing (2021 v1): a8d54bbb3825cfb94fa13c9f8a594a195c107b8d'
[    2.239593] Loaded X.509 cert 'Canonical Ltd. Secure Boot Signing (2021 v2): 4cf046892d6fd3c9a5b03f98d845f90851dc6a8c'
[    2.254446] Loaded X.509 cert 'Canonical Ltd. Secure Boot Signing (2021 v3): 100437bb6de6e469b581e61cd66bce3ef4ed53af'
[    2.266693] Loaded X.509 cert 'Canonical Ltd. Secure Boot Signing (Ubuntu Core 2019): c1d57b8f6b743f23ee41f4f7ee292f06eecadfb9'
[    2.281224] zswap: loaded using pool lzo/zbud
[    2.299598] Key type big_key registered
[    2.306160] Key type trusted registered
[    2.316199] Key type encrypted registered
[    2.320536] AppArmor: AppArmor sha1 policy hashing enabled
[    2.326883] ima: No TPM chip found, activating TPM-bypass! (rc=-19)
[    2.333616] ima: Allocated hash algorithm: sha1
[    2.339977] evm: HMAC attrs: 0x1
[    2.344132]   Magic number: 12:419:54
[    2.349486] rtc_cmos rtc_cmos: setting system clock to 2024-06-24 01:03:08 UTC (1719190988)
[    2.358972] BIOS EDD facility v0.16 2004-Jun-25, 0 devices found
[    2.365311] EDD information not available.
[    2.373769] Freeing unused kernel image memory: 2480K
[    2.414982] Write protecting the kernel read-only data: 20480k
[    2.424608] Freeing unused kernel image memory: 2008K
[    2.434308] Freeing unused kernel image memory: 1820K
[    2.449285] x86/mm: Checked W+X mappings: passed, no W+X pages found.
Loading, please wait...
starting version 237
[    2.550147] e1000: Intel(R) PRO/1000 Network Driver - version 7.3.21-k8-NAPI
[    2.559210] e1000: Copyright (c) 1999-2006 Intel Corporation.
[    2.569272] Fusion MPT base driver 3.04.20
[    2.575544] Copyright (c) 1999-2008 LSI Corporation
[    2.593688] Fusion MPT SPI Host driver 3.04.20
[    2.673111] SSE version of gcm_enc/dec engaged.
[    2.895266] input: ImExPS/2 Generic Explorer Mouse as /devices/platform/i8042/serio1/input/input4
[    3.626883] e1000 0000:00:03.0 eth0: (PCI:33MHz:32-bit) 02:3b:7b:b7:3b:2d
[    3.635265] e1000 0000:00:03.0 eth0: Intel(R) PRO/1000 Network Connection
[    4.315952] e1000 0000:00:08.0 eth1: (PCI:33MHz:32-bit) 08:00:27:3a:dd:14
[    4.324279] e1000 0000:00:08.0 eth1: Intel(R) PRO/1000 Network Connection
[    4.334729] mptbase: ioc0: Initiating bringup
[    4.335926] e1000 0000:00:08.0 enp0s8: renamed from eth1
[   10.417216] e1000 0000:00:03.0 enp0s3: renamed from eth0
[   10.466420] ioc0: LSI53C1030 A0: Capabilities={Initiator}
[   10.730578] scsi host2: ioc0: LSI53C1030 A0, FwRev=00000000h, Ports=1, MaxQ=256, IRQ=20
[   10.911116] scsi 2:0:0:0: Direct-Access     VBOX     HARDDISK         1.0  PQ: 0 ANSI: 5
[   10.952704] scsi target2:0:0: Beginning Domain Validation
[   10.969808] scsi target2:0:0: Domain Validation skipping write tests
[   10.978011] scsi target2:0:0: Ending Domain Validation
[   10.984727] scsi target2:0:0: asynchronous
[   10.991736] scsi 2:0:1:0: Direct-Access     VBOX     HARDDISK         1.0  PQ: 0 ANSI: 5
[   11.084919] scsi target2:0:1: Beginning Domain Validation
[   11.101480] scsi target2:0:1: Domain Validation skipping write tests
[   11.109841] scsi target2:0:1: Ending Domain Validation
[   11.116648] scsi target2:0:1: asynchronous
[   11.140431] sd 2:0:0:0: Attached scsi generic sg0 type 0
[   11.149488] sd 2:0:0:0: [sda] 83886080 512-byte logical blocks: (42.9 GB/40.0 GiB)
[   11.150153] sd 2:0:1:0: [sdb] 20480 512-byte logical blocks: (10.5 MB/10.0 MiB)
[   11.159430] sd 2:0:1:0: Attached scsi generic sg1 type 0
[   11.170267] sd 2:0:1:0: [sdb] Write Protect is off
[   11.176400] sd 2:0:0:0: [sda] Write Protect is off
[   11.190129] sd 2:0:1:0: [sdb] Incomplete mode parameter data
[   11.190317] sd 2:0:0:0: [sda] Incomplete mode parameter data
[   11.197288] sd 2:0:1:0: [sdb] Assuming drive cache: write through
[   11.204795] sd 2:0:0:0: [sda] Assuming drive cache: write through
[   11.226068] sd 2:0:1:0: [sdb] Attached SCSI disk
[   11.229261]  sda: sda1
[   11.240742] sd 2:0:0:0: [sda] Attached SCSI disk
Begin: Loading essential drivers ... [   13.276134] raid6: sse2x1   gen()  7094 MB/s
[   13.328315] raid6: sse2x1   xor()  7262 MB/s
[   13.380394] raid6: sse2x2   gen() 14396 MB/s
[   13.432202] raid6: sse2x2   xor()  9061 MB/s
[   13.484299] raid6: sse2x4   gen() 16311 MB/s
[   13.546290] raid6: sse2x4   xor() 10632 MB/s
[   13.553068] raid6: using algorithm sse2x4 gen() 16311 MB/s
[   13.561345] raid6: .... xor() 10632 MB/s, rmw enabled
[   13.567732] raid6: using ssse3x2 recovery algorithm
[   13.575807] xor: measuring software checksum speed
[   13.620444]    prefetch64-sse: 15213.000 MB/sec
[   13.664588]    generic_sse: 16088.000 MB/sec
[   13.670058] xor: using function: generic_sse (16088.000 MB/sec)
[   13.680267] async_tx: api initialized (async)
done.
Begin: Running /scripts/init-premount ... done.
Begin: Mounting root file system ... Begin: Running /scripts/local-top ... done.
Begin: Running /scripts/local-premount ... [   13.769102] Btrfs loaded, crc32c=crc32c-intel
Scanning for Btrfs filesystems
done.
Warning: fsck not present, so skipping root file system
[   13.903056] EXT4-fs (sda1): mounted filesystem with ordered data mode. Opts: (null)
done.
Begin: Running /scripts/local-bottom ... done.
Begin: Running /scripts/init-bottom ... done.
[   14.215731] ip_tables: (C) 2000-2006 Netfilter Core Team
[   14.246971] systemd[1]: systemd 237 running in system mode. (+PAM +AUDIT +SELINUX +IMA +APPARMOR +SMACK +SYSVINIT +UTMP +LIBCRYPTSETUP +GCRYPT +GNUTLS +ACL +XZ +LZ4 +SECCOMP +BLKID +ELFUTILS +KMOD -IDN2 +IDN -PCRE2 default-hierarchy=hybrid)
[   14.270697] systemd[1]: Detected virtualization oracle.
[   14.276569] systemd[1]: Detected architecture x86-64.

Welcome to [1mUbuntu 18.04.6 LTS[0m!

[   14.321572] systemd[1]: Set hostname to <ubuntu>.
[   14.336685] systemd[1]: Initializing machine ID from random generator.
[   14.344223] systemd[1]: Installed transient /etc/machine-id file.
[   14.823513] systemd[1]: Reached target Mounting snaps.
[[0;32m  OK  [0m] Reached target Mounting snaps.
[   14.833082] systemd[1]: Reached target System Time Synchronized.
[[0;32m  OK  [0m] Reached target System Time Synchronized.
[   14.854868] systemd[1]: Created slice System Slice.
[[0;32m  OK  [0m] Created slice System Slice.
[   14.865207] systemd[1]: Listening on fsck to fsckd communication Socket.
[[0;32m  OK  [0m] Listening on fsck to fsckd communication Socket.
[[0;32m  OK  [0m] Listening on udev Kernel Socket.
[[0;32m  OK  [0m] Listening on Syslog Socket.
[[0;32m  OK  [0m] Created slice system-serial\x2dgetty.slice.
[[0;32m  OK  [0m] Listening on /dev/initctl Compatibility Named Pipe.
[[0;32m  OK  [0m] Listening on Journal Audit Socket.
[[0;32m  OK  [0m] Listening on Journal Socket.
         Starting Set the console keyboard layout...
         Mounting Huge Pages File System...
         Mounting POSIX Message Queue File System...
         Starting Load Kernel Modules...
[[0;32m  OK  [0m] Set up automount Arbitrary Executabâ€¦rmats File System Automount Point.
[[0;32m  OK  [0m] Listening on LVM2 metadata daemon socket.
[[0;32m  OK  [0m] Reached target Swap.
[[0;32m  OK  [0m] Listening on Device-mapper event daemon FIFOs.
         Starting Monitoring of LVM2 mirrorsâ€¦ng dmeventd or progress polling...
[[0;32m  OK  [0m] Listening on udev Control Socket.
         Starting udev Coldplug all Devices...
[   14.962128] Loading iSCSI transport class v2.0-870.
[[0;32m  OK  [0m] Reached target Mounted snaps.
         Starting File System Check on Root Device...
[[0;32m  OK  [0m] Listening on Journal Socket (/dev/log).
         Starting Journal Service...
         Starting Uncomplicated firewall...
         Starting Create list of required stâ€¦ce nodes for the current kernel...
         Mounting Kernel Debug File System...
[[0;32m  OK  [0m] Created slice User and Session Slice.
[[0;32m  OK  [0m] Reached target Slices.
[[0;32m  OK  [0m] Reached target User and Group Name Lookups.
[[0;32m  OK  [0m] Listening on LVM2 poll daemon socket.
[[0;32m  OK  [0m] Listening on Network Service Netlink Socket.
[[0;32m  OK  [0m] Started Forward Password Requests to Wall Directory Watch.
[[0;32m  OK  [0m] Mounted Huge Pages File System.
[[0;32m  OK  [0m] Mounted POSIX Message Queue File System.
[[0;32m  OK  [0m] Started File System Check on Root Device.
[[0;32m  OK  [0m] Started Uncomplicated firewall.
[[0;32m  OK  [0m] Mounted Kernel Debug File System.
[[0;32m  OK  [0m] Started LVM2 metadata daemon.[   15.137099] iscsi: registered transport (tcp)

[[0;32m  OK  [0m] Started File System Check Daemon to report status.
         Starting Remount Root and Kernel File Systems...
[[0;32m  OK  [0m] Started Create list of required staâ€¦vice nodes for the current kernel.
         Starting Create Static Device Nodes in /dev...
[[0;32m  OK  [0m] Started Journal Service.
[[0;32m  OK  [0m] Started udev Coldplug all Devices.
[[0;32m  OK  [0m] Started Create Static Device Nodes in /dev.
[   15.311962] iscsi: registered transport (iser)
[   15.317029] EXT4-fs (sda1): re-mounted. Opts: (null)
[[0;32m  OK  [0m] Started Load Kernel Modules.
[[0;32m  OK  [0m] Started Remount Root and Kernel File Systems.
         Starting Load/Save Random Seed...
         Starting udev Kernel Device Manager...
         Starting Flush Journal to Persistent Storage...
         Mounting FUSE Control File System...
         Starting Apply Kernel Variables...
         Mounting Kernel Configuration File System...
[[0;32m  OK  [0m] Started Monitoring of LVM2 mirrors,â€¦sing dmeventd or progress polling.
[[0;32m  OK  [0m] Started Load/Save Random Seed.
[[0;32m  OK  [0m] Mounted FUSE Control File System.
[[0;32m  OK  [0m] Mounted Kernel Configuration File System.
[   15.419410] systemd-journald[410]: Received request to flush runtime journal from PID 1
[[0;32m  OK  [0m] Started udev Kernel Device Manager.
[[0;32m  OK  [0m] Started Apply Kernel Variables.
[[0;32m  OK  [0m] Started Flush Journal to Persistent Storage.
[[0;32m  OK  [0m] Found device /dev/ttyS0.
[[0;32m  OK  [0m] Listening on Load/Save RF Kill Switch Status /dev/rfkill Watch.
[[0;32m  OK  [0m] Started Set the console keyboard layout.
         Mounting Arbitrary Executable File Formats File System...
[[0;32m  OK  [0m] Started Dispatch Password Requests to Console Directory Watch.
[[0;32m  OK  [0m] Reached target Local Encrypted Volumes.
[[0;32m  OK  [0m] Reached target Local File Systems (Pre).
[[0;32m  OK  [0m] Reached target Local File Systems.
         Starting AppArmor initialization...
         Starting ebtables ruleset management...
         Starting Commit a transient machine-id on disk...
         Starting Tell Plymouth To Write Out Runtime Data...
         Starting Set console font and keymap...
         Starting Create Volatile Files and Directories...
[[0;32m  OK  [0m] Mounted Arbitrary Executable File Formats File System.
[[0;32m  OK  [0m] Started Tell Plymouth To Write Out Runtime Data.
[[0;32m  OK  [0m] Started Create Volatile Files and Directories.
         Starting Update UTMP about System Boot/Shutdown...
[[0;32m  OK  [0m] Started Update UTMP about System Boot/Shutdown.
[[0;32m  OK  [0m] Started ebtables ruleset management.
[[0;32m  OK  [0m] Started Commit a transient machine-id on disk.
[[0;32m  OK  [0m] Started AppArmor initialization.
         Starting Initial cloud-init job (pre-networking)...
         Starting Load AppArmor profiles managed internally by snapd...
[[0;32m  OK  [0m] Started Load AppArmor profiles managed internally by snapd.
[[0;32m  OK  [0m] Started Set console font and keymap.
[   20.253109] cloud-init[757]: Cloud-init v. 23.1.2-0ubuntu0~18.04.1 running 'init-local' at Mon, 24 Jun 2024 01:03:25 +0000. Up 19.78 seconds.
[[0;32m  OK  [0m] Started Initial cloud-init job (pre-networking).
[[0;32m  OK  [0m] Reached target Network (Pre).
         Starting Network Service...
[[0;32m  OK  [0m] Started Network Service.
         Starting Network Name Resolution...
         Starting Wait for Network to be Configured...
[[0;32m  OK  [0m] Started Network Name Resolution.
[[0;32m  OK  [0m] Reached target Host and Network Name Lookups.
[[0;32m  OK  [0m] Reached target Network.
[[0;32m  OK  [0m] Started Wait for Network to be Configured.
         Starting Initial cloud-init job (metadata service crawler)...
[   22.871181] cloud-init[909]: Cloud-init v. 23.1.2-0ubuntu0~18.04.1 running 'init' at Mon, 24 Jun 2024 01:03:28 +0000. Up 22.71 seconds.
[   22.877956] cloud-init[909]: ci-info: ++++++++++++++++++++++++++++++++++++++Net device info+++++++++++++++++++++++++++++++++++++++
[   22.883642] cloud-init[909]: ci-info: +--------+-------+----------------------------+---------------+--------+-------------------+
[   22.889367] cloud-init[909]: ci-info: | Device |   Up  |          Address           |      Mask     | Scope  |     Hw-Address    |
[   22.895085] cloud-init[909]: ci-info: +--------+-------+----------------------------+---------------+--------+-------------------+
[   22.900810] cloud-init[909]: ci-info: | enp0s3 |  True |         10.0.2.15          | 255.255.255.0 | global | 02:3b:7b:b7:3b:2d |
[   22.906476] cloud-init[909]: ci-info: | enp0s3 |  True | fe80::3b:7bff:feb7:3b2d/64 |       .       |  link  | 02:3b:7b:b7:3b:2d |
[   22.911826] cloud-init[909]: ci-info: | enp0s8 | False |             .              |       .       |   .    | 08:00:27:3a:dd:14 |
[   22.916849] cloud-init[909]: ci-info: |   lo   |  True |         127.0.0.1          |   255.0.0.0   |  host  |         .         |
[   22.922395] cloud-init[909]: ci-info: |   lo   |  True |          ::1/128           |       .       |  host  |         .         |
[   22.928765] cloud-init[909]: ci-info: +--------+-------+----------------------------+---------------+--------+-------------------+
[   22.933861] cloud-init[909]: ci-info: ++++++++++++++++++++++++++++Route IPv4 info+++++++++++++++++++++++++++++
[   22.939068] cloud-init[909]: ci-info: +-------+-------------+----------+-----------------+-----------+-------+
[   22.943917] cloud-init[909]: ci-info: | Route | Destination | Gateway  |     Genmask     | Interface | Flags |
[   22.950346] cloud-init[909]: ci-info: +-------+-------------+----------+-----------------+-----------+-------+
[   22.954977] cloud-init[909]: ci-info: |   0   |   0.0.0.0   | 10.0.2.2 |     0.0.0.0     |   enp0s3  |   UG  |
[   22.960218] cloud-init[909]: ci-info: |   1   |   10.0.2.0  | 0.0.0.0  |  255.255.255.0  |   enp0s3  |   U   |
[   22.965058] cloud-init[909]: ci-info: |   2   |   10.0.2.2  | 0.0.0.0  | 255.255.255.255 |   enp0s3  |   UH  |
[   22.969657] cloud-init[909]: ci-info: +-------+-------------+----------+-----------------+-----------+-------+
[   22.973956] cloud-init[909]: ci-info: +++++++++++++++++++Route IPv6 info+++++++++++++++++++
[   22.977985] cloud-init[909]: ci-info: +-------+-------------+---------+-----------+-------+
[   22.982117] cloud-init[909]: ci-info: | Route | Destination | Gateway | Interface | Flags |
[   22.986855] cloud-init[909]: ci-info: +-------+-------------+---------+-----------+-------+
[   22.991092] cloud-init[909]: ci-info: |   1   |  fe80::/64  |    ::   |   enp0s3  |   U   |
[   22.995302] cloud-init[909]: ci-info: |   3   |    local    |    ::   |   enp0s3  |   U   |
[   23.002373] cloud-init[909]: ci-info: |   4   |   ff00::/8  |    ::   |   enp0s3  |   U   |
[   23.010336] cloud-init[909]: ci-info: +-------+-------------+---------+-----------+-------+
[   24.045013] cloud-init[909]: Generating public/private rsa key pair.
[   24.049025] cloud-init[909]: Your identification has been saved in /etc/ssh/ssh_host_rsa_key.
[   24.056647] cloud-init[909]: Your public key has been saved in /etc/ssh/ssh_host_rsa_key.pub.
[   24.064135] cloud-init[909]: The key fingerprint is:
[   24.070593] cloud-init[909]: SHA256:GsdtEgTEHKDhbWGsR27kD5DjTqlzmvSHq+xV6QlGqh0 root@ubuntu-bionic
[   24.078146] cloud-init[909]: The key's randomart image is:
[   24.085800] cloud-init[909]: +---[RSA 2048]----+
[   24.091180] cloud-init[909]: |  .o+=+o.        |
[   24.096861] cloud-init[909]: | .+=+.o.         |
[   24.102413] cloud-init[909]: | .o@o   .        |
[   24.106822] cloud-init[909]: |  B.* .. o       |
[   24.114243] cloud-init[909]: | =E= =. S o      |
[   24.119642] cloud-init[909]: [[0;32m  OK  [0m] Started Initial cloud-init job (metadata service crawler).
[[0;32m  OK  [0m] Reached target Cloud-config availability.
[[0;32m  OK  [0m] Reached target Network is Online.
|+o+.+ o+ o       |
[[0;32m  OK  [0m] Reached target Remote File Systems (Pre).
[[0;32m  OK  [0m] Reached target Remote File Systems.
[   24.139520]          Starting Availability of block devices...
[[0;32m  OK  [0m] Reached target System Initialization.
[[0;32m  OK  [0m] Listening on Open-iSCSI iscsid Socket.
[[0;32m  OK  [0m] Listening on ACPID Listen Socket.
[[0;32m  OK  [0m] Started Daily apt download activities.
         Starting LXD - unix socket.
         Starting Socket activation for snappy daemon.
[[0;32m  OK  [0m] Listening on UUID daemon activation socket.
[[0;32m  OK  [0m] Listening on cloud-init hotplug hook socket.
cloud-init[909]: [[0;32m  OK  [0m] Started Message of the Day.
[[0;32m  OK  [0m] Listening on D-Bus System Message Bus Socket.
[[0;32m  OK  [0m] Started ACPI Events Check.
[[0;32m  OK  [0m] Started Daily Cleanup of Temporary Directories.
[[0;32m  OK  [0m] Started Ubuntu Advantage Timer for running repeated jobs.
[[0;32m  OK  [0m] Reached target Paths.
[[0;32m  OK  [0m] Started Discard unused blocks once a week.
[[0;32m  OK  [0m] Started Daily apt upgrade and clean activities.
[[0;32m  OK  [0m] Reached target Timers.
[[0;32m  OK  [0m] Started Availability of block devices.
[[0;32m  OK  [0m] Listening on LXD - unix socket.
[[0;32m  OK  [0m] Listening on Socket activation for snappy daemon.
[[0;32m  OK  [0m] Reached target Sockets.
[[0;32m  OK  [0m] Reached target Basic System.
[[0;32m  OK  [0m] Started irqbalance daemon.
         Starting Permit User Sessions...
|o=o..o.          |
[   24.206170] cloud-init[909]: |+ .o .           |         Starting Login Service...

[[0;32m  OK  [0m] Started Regular background program processing daemon.
[[0;32m  OK  [0m] Reached target Login Prompts (Pre).
[[0;32m  OK  [0m] Started D-Bus System Message Bus.
[   24.228464] cloud-init[909]: |.+..o            |
[   24.238040] cloud-init[909]: +----[SHA256]-----+
[   24.244694] cloud-init[909]: Generating public/private dsa key pair.
[   24.251523] cloud-init[909]: Your identification has been saved in /etc/ssh/ssh_host_dsa_key.
[   24.260767] cloud-init[909]: Your public key has been saved in /etc/ssh/ssh_host_dsa_key.pub.
[   24.270974] cloud-init[909]: The key fingerprint is:
[   24.279698] cloud-init[909]: SHA256:YCBcoghDas/U5pVV/B1b/zXUbnN/h77rYV7iJPC6kLw root@ubuntu-bionic
[   24.291850] cloud-init[909]: The key's randomart image is:
[   24.301322] cloud-init[909]: +---[DSA 1024]----+
[   24.307086] cloud-init[909]: |+oo.o    .o.    .|         Starting Snap Daemon...

[   24.315652] cloud-init[909]: |+o.o..  o  .   oo|
[   24.322743] cloud-init[909]: |+. . ooo    . o.=|
[   24.332245]          Starting Dispatcher daemon for systemd-networkd...
         Starting LSB: Record successful boot for GRUB...cloud-init[909]: 
|. + o...     . =*|         Starting LSB: automatic crash report generation...
         Starting Accounts Service...
[[0;32m  OK  [0m] Started FUSE filesystem for LXC.

[   24.359302] cloud-init         Starting System Logging Service...
         Starting Virtualbox guest utils...
[909]: |   o .  S .    oB|
[   24.373972] cloud-init[909]: |       . . o  . =|
[   24.394498] cloud-init[909]: |        +   o.= +|
[   24.406425] cloud-init[909]: |         o . *.+ |
[   24.409128] cloud-init[909]: |        E o. .*o |
[   24.411499] cloud-init[909]: +----[SHA256]-----+
[   24.414115] cloud-init[909]: Generating public/private ecdsa key pair.
[   24.417745] cloud-init[909]: Your identification has been saved in /etc/ssh/ssh_host_ecdsa_key.
[   24.421628] cloud-init[909]: Your public key has been saved in /etc/ssh/ssh_host_ecdsa_key.pub.
[   24.425599] cloud-init[909]: The key fingerprint is:
[   24.428358] cloud-init[909]: SHA256:waQwAfOUJf+dWzQ2Tg/vl8hIViVydjAlELKiRv4aUtM root@ubuntu-bionic
[   24.433598] cloud-init[909]: The key's randomart image is:
         Starting Pollinate to seed the pseudo random number generator...
[[0;32m  OK  [0m] Started Deferred execution scheduler.
         Starting LXD - container startup/shutdown...
[[0;32m  OK  [0m] Started Permit User Sessions.
[   24.448947] cloud-init[909]: +---[ECDSA 256]---+
[[0;32m  OK  [0m] Started Login Service.
[[0;32m  OK  [0m] Started Unattended Upgrades Shutdown.
         Starting Hold until boot process finishes up...
         Starting Terminate Plymouth Boot Screen...
[   24.475030] cloud-init[909]: |  o.*+. .. +oBo+ |
[   24.505097] cloud-init[909]: |   +.= +  o + *  |
[   24.507277] cloud-init[909]: |    ..o.o.  B.   |
[   24.511089] cloud-init[909]: |    o o..o *.*   |
[[0;32m  OK  [0m] Started Hold until boot process finishes up.
[[0;32m  OK  [0m] Started Terminate Plymouth Boot Screen.
         Starting Set console scheme...
[[0;32m  OK  [0m] Started Serial Getty on ttyS0.
[   24.527482] cloud-init[909]: |     * ES ooo o  |
[   24.536847] cloud-init[909]: |    o o   ooo.. .|
[   24.545612] cloud-init[909]: |   . . .  .. o...|
[   24.552376] cloud-init[909]: |    . o        . |
[   24.559599] cloud-init[909]: |     .           |
[   24.566688] cloud-init[909]: +----[SHA256]-----+
[   24.577237] cloud-init[909]: Generating public/private ed25519 key pair.
[   24.586479] cloud-init[909]: Your identification has been saved in /etc/ssh/ssh_host_ed25519_key.
[   24.596882] cloud-init[909]: Your public key has been saved in /etc/ssh/ssh_host_ed25519_key.pub.
[   24.606454] cloud-init[909]: The key fingerprint is:
[   24.613736] cloud-init[909]: SHA256:cDxcRyeQ8XquRJ60qeugrlpM4ppoV9ftJgbgpdAQjJQ root@ubuntu-bionic
[   24.621955] cloud-init[909]: The key's randomart image is:
[   24.629050] cloud-init[909]: +--[ED25519 256]--+
[   24.638936] cloud-init[909]: |..+..     +=+ .  |
[   24.644737] cloud-init[909]: | E o   o ..o o   |
[   24.652097] cloud-init[909]: [[0;32m  OK  [0m] Started LSB: automatic crash report generation.
|    o . =   .    |
[   24.661513] cloud-init[909]: |   . o + . .     |
[   24.667469] cloud-init[909]: |. . o + S = .    |
[   24.678219] cloud-init[909]: |.+   + o = B     |
[   24.689760] cloud-init[909]: | .o . o . B .    |
[   24.697134] cloud-init[909]: |o+ . . . = +     |
[   24.703500] cloud-init[909]: |*.ooo  .=.+      |
[   24.713693] cloud-init[909]: +----[SHA256]-----+
[[0;32m  OK  [0m] Started Set console scheme.
[[0;32m  OK  [0m] Created slice system-getty.slice.
[[0;32m  OK  [0m] Started Getty on tty1.
[[0;32m  OK  [0m] Reached target Login Prompts.
[[0;32m  OK  [0m] Started System Logging Service.
[[0;32m  OK  [0m] Started Virtualbox guest utils.
         Starting Authorization Manager...
[[0;32m  OK  [0m] Started LSB: Record successful boot for GRUB.
[[0;32m  OK  [0m] Started Authorization Manager.
[[0;32m  OK  [0m] Started Accounts Service.
[[0;32m  OK  [0m] Started LXD - container startup/shutdown.
[[0;32m  OK  [0m] Started Dispatcher daemon for systemd-networkd.
[[0;32m  OK  [0m] Started Snap Daemon.
         Starting Wait until snapd is fully seeded...
         Starting Time & Date Service...
[[0;32m  OK  [0m] Started Time & Date Service.
[[0;32m  OK  [0m] Started Wait until snapd is fully seeded.
         Starting Apply the settings specified in cloud-config...
[[0;32m  OK  [0m] Started Pollinate to seed the pseudo random number generator.
         Starting OpenBSD Secure Shell server...
[[0;32m  OK  [0m] Started OpenBSD Secure Shell server.
[[0;32m  OK  [0m] Created slice User Slice of vagrant.
         Starting User Manager for UID 1000...
[[0;32m  OK  [0m] Started Session 1 of user vagrant.
[[0;32m  OK  [0m] Started User Manager for UID 1000.
[   28.959291] cloud-init[1328]: Cloud-init v. 23.1.2-0ubuntu0~18.04.1 running 'modules:config' at Mon, 24 Jun 2024 01:03:34 +0000. Up 28.01 seconds.
[[0;32m  OK  [0m] Started Apply the settings specified in cloud-config.
[[0;32m  OK  [0m] Reached target Multi-User System.
         Starting Execute cloud user/final scripts...
[[0;32m  OK  [0m] Reached target Graphical Interface.
         Starting Update UTMP about System Runlevel Changes...
[[0;32m  OK  [0m] Started Update UTMP about System Runlevel Changes.
ci-info: no authorized SSH keys fingerprints found for user ubuntu.
<14>Jun 24 01:03:36 cloud-init: #############################################################
<14>Jun 24 01:03:36 cloud-init: -----BEGIN SSH HOST KEY FINGERPRINTS-----
<14>Jun 24 01:03:36 cloud-init: 1024 SHA256:YCBcoghDas/U5pVV/B1b/zXUbnN/h77rYV7iJPC6kLw root@ubuntu-bionic (DSA)
<14>Jun 24 01:03:36 cloud-init: 256 SHA256:waQwAfOUJf+dWzQ2Tg/vl8hIViVydjAlELKiRv4aUtM root@ubuntu-bionic (ECDSA)
<14>Jun 24 01:03:36 cloud-init: 256 SHA256:cDxcRyeQ8XquRJ60qeugrlpM4ppoV9ftJgbgpdAQjJQ root@ubuntu-bionic (ED25519)
<14>Jun 24 01:03:36 cloud-init: 2048 SHA256:GsdtEgTEHKDhbWGsR27kD5DjTqlzmvSHq+xV6QlGqh0 root@ubuntu-bionic (RSA)
<14>Jun 24 01:03:36 cloud-init: -----END SSH HOST KEY FINGERPRINTS-----
<14>Jun 24 01:03:36 cloud-init: #############################################################
-----BEGIN SSH HOST KEY KEYS-----
ecdsa-sha2-nistp256 AAAAE2VjZHNhLXNoYTItbmlzdHAyNTYAAAAIbmlzdHAyNTYAAABBBPh1CMBUjA2QLWdmhv3uoKLofRrONInBZ0T6RELUHTthrRPfKsB8zUC8D2ftFUXRqWhBdYup2INsmlk1Rl36xRY= root@ubuntu-bionic
ssh-ed25519 AAAAC3NzaC1lZDI1NTE5AAAAIAjIT8hLNhiNwpmcM2nVPQrKdf3K655LmKwoin2HyV7y root@ubuntu-bionic
ssh-rsa AAAAB3NzaC1yc2EAAAADAQABAAABAQDRXFf4Egd+JkaIUNUi7SweieMy7ltilNrDjyzNAe4bkTD32Hm2lYi1Ba/c95aXROYWH6YxuF4ACUKYnIhIaTyi5fQdVlcIs7NQQN1FJeKQbYzsEQjqqK0Y8+eZXpFVYx3v27xgl3qw4QYqxoj8XsaENXV5k0j7MOwMyPda63w4psRoVmrb/XIPpsGGsVZTSjEJpabIZmdsiKz1C35mIPI+IjH3RUdQf3ey0L9pvF59+YhGV5uxCfresrGI21vx6Q98ebPPBa8+BE4v3voOEzObmK0F4XBmofTlsuTnyo/kri746Sr53ggJPvA96SqMuKihIMnkzxz2c5AX4iQF/w6r root@ubuntu-bionic
-----END SSH HOST KEY KEYS-----
[   30.067302] cloud-init[1453]: Cloud-init v. 23.1.2-0ubuntu0~18.04.1 running 'modules:final' at Mon, 24 Jun 2024 01:03:35 +0000. Up 29.66 seconds.
[   30.067486] cloud-init[1453]: Cloud-init v. 23.1.2-0ubuntu0~18.04.1 finished at Mon, 24 Jun 2024 01:03:36 +0000. Datasource DataSourceNoCloud [seed=/dev/sdb][dsmode=net].  Up 30.05 seconds

Ubuntu 18.04.6 LTS ubuntu-bionic ttyS0

ubuntu-bionic login: [[0;32m  OK  [0m] Stopped target Timers.
[[0;32m  OK  [0m] Stopped Ubuntu Advantage Timer for running repeated jobs.
[[0;32m  OK  [0m] Closed Load/Save RF Kill Switch Status /dev/rfkill Watch.
[[0;32m  OK  [0m] Stopped Daily Cleanup of Temporary Directories.
         Stopping Session 5 of user vagrant.
[[0;32m  OK  [0m] Stopped Daily apt upgrade and clean activities.
[[0;32m  OK  [0m] Stopped target Host and Network Name Lookups.
[[0;32m  OK  [0m] Stopped Daily apt download activities.
         Stopping Authorization Manager...
         Stopping User Manager for UID 1000...
[[0;32m  OK  [0m] Stopped target Cloud-init target.
[[0;32m  OK  [0m] Stopped Execute cloud user/final scripts.
         Stopping Availability of block devices...
[[0;32m  OK  [0m] Stopped target Graphical Interface.
[[0;32m  OK  [0m] Stopped target Multi-User System.
[[0;32m  OK  [0m] Stopped target Login Prompts.
         Stopping Getty on tty1...
         Stopping FUSE filesystem for LXC...
         Stopping Virtualbox guest utils...
         Stopping D-Bus System Message Bus...
         Stopping Deferred execution scheduler...
         Stopping Dispatcher daemon for systemd-networkd...
         Stopping OpenBSD Secure Shell server...
         Stopping Regular background program processing daemon...
         Stopping System Logging Service...
         Stopping irqbalance daemon...
         Stopping LXD - container startup/shutdown...
         Stopping Accounts Service...
         Stopping LSB: Record successful boot for GRUB...
         Stopping LSB: automatic crash report generation...
[[0;32m  OK  [0m] Stopped Message of the Day.
[[0;32m  OK  [0m] Stopped Discard unused blocks once a week.
[[0;32m  OK  [0m] Stopped target System Time Synchronized.
[[0;32m  OK  [0m] Stopped Apply the settings specified in cloud-config.
[[0;32m  OK  [0m] Stopped Wait until snapd is fully seeded.
         Stopping Serial Getty on ttyS0...
[[0;32m  OK  [0m] Stopped target Cloud-config availability.
[[0;32m  OK  [0m] Unmounted /var/lib/lxcfs.
[[0;32m  OK  [0m] Stopped irqbalance daemon.
[[0;32m  OK  [0m] Stopped Regular background program processing daemon.
[[0;32m  OK  [0m] Stopped Dispatcher daemon for systemd-networkd.
[[0;32m  OK  [0m] Stopped Accounts Service.
[[0;32m  OK  [0m] Stopped System Logging Service.
[[0;32m  OK  [0m] Stopped Deferred execution scheduler.
[[0;32m  OK  [0m] Stopped Serial Getty on ttyS0.
[[0;32m  OK  [0m] Stopped Getty on tty1.
[[0;32m  OK  [0m] Stopped Authorization Manager.
[[0;32m  OK  [0m] Stopped OpenBSD Secure Shell server.
[[0;32m  OK  [0m] Stopped User Manager for UID 1000.
[[0;32m  OK  [0m] Stopped Availability of block devices.
[[0;32m  OK  [0m] Stopped D-Bus System Message Bus.
[[0;32m  OK  [0m] Stopped FUSE filesystem for LXC.
[[0;32m  OK  [0m] Stopped Session 5 of user vagrant.
[[0;32m  OK  [0m] Removed slice User Slice of vagrant.
         Stopping Login Service...
[[0;32m  OK  [0m] Removed slice system-getty.slice.
[[0;32m  OK  [0m] Removed slice system-serial\x2dgetty.slice.
         Stopping Permit User Sessions...
[[0;32m  OK  [0m] Stopped target Login Prompts (Pre).
[[0;32m  OK  [0m] Stopped LXD - container startup/shutdown.
[[0;32m  OK  [0m] Stopped Virtualbox guest utils.
[[0;32m  OK  [0m] Stopped LSB: Record successful boot for GRUB.
[[0;32m  OK  [0m] Stopped LSB: automatic crash report generation.
[[0;32m  OK  [0m] Stopped Permit User Sessions.
[[0;32m  OK  [0m] Stopped target Remote File Systems.
         Unmounting /vagrant...
[[0;32m  OK  [0m] Stopped Login Service.
[[0;32m  OK  [0m] Stopped target Basic System.
[[0;32m  OK  [0m] Stopped target Slices.
[[0;32m  OK  [0m] Removed slice User and Session Slice.
[[0;32m  OK  [0m] Stopped target Sockets.
[[0;32m  OK  [0m] Closed LXD - unix socket.
[[0;32m  OK  [0m] Closed ACPID Listen Socket.
[[0;32m  OK  [0m] Closed Syslog Socket.
[[0;32m  OK  [0m] Closed Socket activation for snappy daemon.
[[0;32m  OK  [0m] Closed Open-iSCSI iscsid Socket.
[[0;32m  OK  [0m] Closed UUID daemon activation socket.
[[0;32m  OK  [0m] Closed D-Bus System Message Bus Socket.
[[0;32m  OK  [0m] Closed cloud-init hotplug hook socket.
[[0;32m  OK  [0m] Stopped target Paths.
[[0;32m  OK  [0m] Stopped ACPI Events Check.
[[0;32m  OK  [0m] Stopped target System Initialization.
         Stopping Load/Save Random Seed...
[[0;32m  OK  [0m] Stopped Commit a transient machine-id on disk.
         Stopping Update UTMP about System Boot/Shutdown...
[[0;32m  OK  [0m] Stopped target Local Encrypted Volumes.
[[0;32m  OK  [0m] Stopped Forward Password Requests to Wall Directory Watch.
[[0;32m  OK  [0m] Stopped Dispatch Password Requests to Console Directory Watch.
[[0;32m  OK  [0m] Stopped target User and Group Name Lookups.
[[0;32m  OK  [0m] Unmounted /vagrant.
[[0;32m  OK  [0m] Stopped Load/Save Random Seed.
[[0;32m  OK  [0m] Stopped target Network is Online.
[[0;32m  OK  [0m] Stopped Initial cloud-init job (metadata service crawler).
[[0;32m  OK  [0m] Stopped target Remote File Systems (Pre).
[[0;32m  OK  [0m] Stopped target Network.
         Stopping Network Name Resolution...
[[0;32m  OK  [0m] Stopped Update UTMP about System Boot/Shutdown.
[[0;32m  OK  [0m] Stopped Network Name Resolution.
         Stopping Network Service...
[[0;32m  OK  [0m] Stopped Create Volatile Files and Directories.
[[0;32m  OK  [0m] Stopped target Local File Systems.
[[0;32m  OK  [0m] Stopped target Mounted snaps.
[[0;32m  OK  [0m] Stopped target Mounting snaps.
         Unmounting /run/user/1000...
[[0;32m  OK  [0m] Unmounted /run/user/1000.
[[0;32m  OK  [0m] Reached target Unmount All Filesystems.
[[0;32m  OK  [0m] Stopped target Local File Systems (Pre).
[[0;32m  OK  [0m] Stopped Create Static Device Nodes in /dev.
         Stopping Monitoring of LVM2 mirrorsâ€¦ng dmeventd or progress polling...
[[0;32m  OK  [0m] Stopped target Swap.
[[0;32m  OK  [0m] Stopped Network Service.
[[0;32m  OK  [0m] Stopped Monitoring of LVM2 mirrors,â€¦sing dmeventd or progress polling.
         Stopping LVM2 metadata daemon...
[[0;32m  OK  [0m] Stopped target Network (Pre).
[[0;32m  OK  [0m] Stopped Initial cloud-init job (pre-networking).
[[0;32m  OK  [0m] Stopped Remount Root and Kernel File Systems.
[[0;32m  OK  [0m] Stopped Apply Kernel Variables.
[[0;32m  OK  [0m] Stopped Load Kernel Modules.
[[0;32m  OK  [0m] Reached target Shutdown.
[[0;32m  OK  [0m] Reached target Final Step.
         Starting Power-Off...
[[0;32m  OK  [0m] Stopped LVM2 metadata daemon.
[   73.401897] reboot: Power down
